#,,,,,,,,,,"generated_by='OpenQuake engine 3.7.0-git69be05054f', start_date='2019-09-23T14:15:01', checksum=2879210841, investigation_time=2.0, ses_per_logic_tree_path=2"
rupid,multiplicity,mag,centroid_lon,centroid_lat,centroid_depth,trt,strike,dip,rake,boundary
1066,4,4.000000E+00,0.000000E+00,9.231845E-12,4.000000E+00,active shallow crust,0.000000E+00,9.000000E+01,0.000000E+00,"MULTIPOLYGON(((0.00000 -0.00450 3.500,0.00000 0.00450 3.500,0.00000 0.00450 4.500,0.00000 -0.00450 4.500,0.00000 -0.00450 3.500)))"
