<body xmlns:diff="http://namespaces.shoobx.com/diff">
  <div id="id">
    <p diff:insert="">Simple text</p>
  </div>
</body>
