<table id="dataTable">
<thead>
  <tr id="tool" class="tool collapsable-header">
<td colspan="2">Tool</td>
<td colspan="4">CPAchecker 1.4-svn 15944M</td>
<td colspan="4">CPAchecker 1.4-svn 15986M</td>
<td colspan="4">CPAchecker 1.4-svn 15944M</td>
<td colspan="4">CPAchecker 1.4-svn 15986M</td>
</tr>
  <tr id="limits" class="limits collapsable-header">
<td colspan="2">Limits</td>
<td colspan="16">timelimit: 10 s, memlimit: 3000 MB, CPU core limit: 1</td>
</tr>
  <tr id="host" class="host collapsable-header">
<td colspan="2">Host</td>
<td colspan="16">tortuga</td>
</tr>
  <tr id="os" class="os collapsable-header">
<td colspan="2">OS</td>
<td colspan="16">Linux 3.13.0-45-generic x86_64</td>
</tr>
  <tr id="system" class="system collapsable-header">
<td colspan="2">System</td>
<td colspan="16">CPU: Intel Core i7-2600 CPU @ 3.40GHz, cores: 8, frequency: 3401 MHz; RAM: 16389384 kB</td>
</tr>
  <tr id="date" class="date collapsable-header">
<td colspan="2">Date of execution</td>
<td colspan="4">2015-03-03 16:13:02 CET</td>
<td colspan="4">2015-03-03 18:15:20 CET</td>
<td colspan="4">2015-03-03 16:13:02 CET</td>
<td colspan="4">2015-03-03 18:15:20 CET</td>
</tr>
  <tr id="run" class="run ">
<td colspan="2">Run set</td>
<td colspan="4">predicateAnalysis</td>
<td colspan="4">predicateAnalysis</td>
<td colspan="4">valueAnalysis</td>
<td colspan="4">valueAnalysis</td>
</tr>
  <tr id="options" class="options collapsable-header">
<td colspan="2">Options</td>
<td colspan="4"><span style="display:block">-noout</span><span style="display:block"> -setprop log.consoleLevel=WARNING</span><span style="display:block"> -predicateAnalysis</span></td>
<td colspan="4"><span style="display:block">-noout</span><span style="display:block"> -setprop log.consoleLevel=WARNING</span><span style="display:block"> -predicateAnalysis</span></td>
<td colspan="4"><span style="display:block">-noout</span><span style="display:block"> -setprop log.consoleLevel=WARNING</span><span style="display:block"> -valueAnalysis</span></td>
<td colspan="4"><span style="display:block">-noout</span><span style="display:block"> -setprop log.consoleLevel=WARNING</span><span style="display:block"> -valueAnalysis</span></td>
</tr>
  <tr id="columnTitles" class="columnTitles ">
<td colspan="2">benchexec/tablegenerator/test_integration/results/</td>
<td colspan="1">status</td>
<td colspan="1">cputime (s)</td>
<td colspan="1">walltime (s)</td>
<td colspan="1">memory (MB)</td>
<td colspan="1">status</td>
<td colspan="1">cputime (s)</td>
<td colspan="1">walltime (s)</td>
<td colspan="1">memory (MB)</td>
<td colspan="1">status</td>
<td colspan="1">cputime (s)</td>
<td colspan="1">walltime (s)</td>
<td colspan="1">memory (MB)</td>
<td colspan="1">status</td>
<td colspan="1">cputime (s)</td>
<td colspan="1">walltime (s)</td>
<td colspan="1">memory (MB)</td>
</tr>
</thead>

<tbody>
<tr><td title="Click here to show source code"><a href="../results/test/programs/simple/bitvectors/implicitunsignedconversion_false-unreach-label.i">test/programs/simple/bitvectors/implicitunsignedconversion_false-unreach-label.i</a></td>
<td>unreach-label</td>
<td class="wrong status link" title="Click here to show output of tool"><a href="../results/test.2015-03-03_1613.logfiles/predicateAnalysis.implicitunsignedconversion_false-unreach-label.i.log">true</a></td>
<td class="wrong measure">2.17</td>
<td class="wrong measure">2.18</td>
<td class="wrong measure">128</td>
<td class="wrong status link" title="Click here to show output of tool"><a href="../results/test.2015-03-03_1815.logfiles/predicateAnalysis.implicitunsignedconversion_false-unreach-label.i.log">true</a></td>
<td class="wrong measure">1.86</td>
<td class="wrong measure">1.87</td>
<td class="wrong measure">131</td>
<td class="correct status link" title="Click here to show output of tool"><a href="../results/test.2015-03-03_1613.logfiles/valueAnalysis.implicitunsignedconversion_false-unreach-label.i.log">false(reach)</a></td>
<td class="correct measure">2.12</td>
<td class="correct measure">2.13</td>
<td class="correct measure">134</td>
<td class="correct status link" title="Click here to show output of tool"><a href="../results/test.2015-03-03_1815.logfiles/valueAnalysis.implicitunsignedconversion_false-unreach-label.i.log">false(reach)</a></td>
<td class="correct measure">1.82</td>
<td class="correct measure">1.82</td>
<td class="correct measure">131</td>
</tr>
<tr><td title="Click here to show source code"><a href="../results/test/programs/simple/compoundLiteral_true-unreach-label.c">test/programs/simple/compoundLiteral_true-unreach-label.c</a></td>
<td>unreach-label</td>
<td class="correct status link" title="Click here to show output of tool"><a href="../results/test.2015-03-03_1613.logfiles/predicateAnalysis.compoundLiteral_true-unreach-label.c.log">true</a></td>
<td class="correct measure">2.23</td>
<td class="correct measure">2.24</td>
<td class="correct measure">132</td>
<td class="correct status link" title="Click here to show output of tool"><a href="../results/test.2015-03-03_1815.logfiles/predicateAnalysis.compoundLiteral_true-unreach-label.c.log">true</a></td>
<td class="correct measure">1.95</td>
<td class="correct measure">1.96</td>
<td class="correct measure">130</td>
<td class="unknown status link" title="Click here to show output of tool"><a href="../results/test.2015-03-03_1613.logfiles/valueAnalysis.compoundLiteral_true-unreach-label.c.log">unknown</a></td>
<td class="unknown measure">2.20</td>
<td class="unknown measure">2.21</td>
<td class="unknown measure">130</td>
<td class="unknown status link" title="Click here to show output of tool"><a href="../results/test.2015-03-03_1815.logfiles/valueAnalysis.compoundLiteral_true-unreach-label.c.log">unknown</a></td>
<td class="unknown measure">1.81</td>
<td class="unknown measure">1.82</td>
<td class="unknown measure">131</td>
</tr>
<tr><td title="Click here to show source code"><a href="../results/test/programs/simple/builtin_expect_true-unreach-label.c">test/programs/simple/builtin_expect_true-unreach-label.c</a></td>
<td>unreach-label</td>
<td class="correct status link" title="Click here to show output of tool"><a href="../results/test.2015-03-03_1613.logfiles/predicateAnalysis.builtin_expect_true-unreach-label.c.log">true</a></td>
<td class="correct measure">2.06</td>
<td class="correct measure">2.07</td>
<td class="correct measure">126</td>
<td class="correct status link" title="Click here to show output of tool"><a href="../results/test.2015-03-03_1815.logfiles/predicateAnalysis.builtin_expect_true-unreach-label.c.log">true</a></td>
<td class="correct measure">1.85</td>
<td class="correct measure">1.86</td>
<td class="correct measure">129</td>
<td class="missing status">-</td>
<td class="missing measure novalue"></td>
<td class="missing measure novalue"></td>
<td class="missing measure novalue"></td>
<td class="missing status">-</td>
<td class="missing measure novalue"></td>
<td class="missing measure novalue"></td>
<td class="missing measure novalue"></td>
</tr>
</tbody>

<tfoot>
<tr class="columnTitles">
<td colspan="2">benchexec/tablegenerator/test_integration/results/</td>
<td colspan="1">status</td>
<td colspan="1">cputime (s)</td>
<td colspan="1">walltime (s)</td>
<td colspan="1">memory (MB)</td>
<td colspan="1">status</td>
<td colspan="1">cputime (s)</td>
<td colspan="1">walltime (s)</td>
<td colspan="1">memory (MB)</td>
<td colspan="1">status</td>
<td colspan="1">cputime (s)</td>
<td colspan="1">walltime (s)</td>
<td colspan="1">memory (MB)</td>
<td colspan="1">status</td>
<td colspan="1">cputime (s)</td>
<td colspan="1">walltime (s)</td>
<td colspan="1">memory (MB)</td>
</tr>
<tr class="statistics">
<td colspan="2" title="in total 2 true tasks, 1 false tasks">total</td>
<td class="status">3</td>
<td class="measure" title="Min: 2.06, Max: 2.23, Average: 2.15, Median: 2.17, StDev: 0.07">6.46</td>
<td class="measure" title="Min: 2.07, Max: 2.24, Average: 2.16, Median: 2.18, StDev: 0.07">6.48</td>
<td class="measure" title="Min: 126, Max: 132, Average: 128.89, Median: 128, StDev: 2.53">387</td>
<td class="status">3</td>
<td class="measure" title="Min: 1.85, Max: 1.95, Average: 1.89, Median: 1.86, StDev: 0.04">5.66</td>
<td class="measure" title="Min: 1.86, Max: 1.96, Average: 1.89, Median: 1.87, StDev: 0.04">5.68</td>
<td class="measure" title="Min: 129, Max: 131, Average: 129.64, Median: 130, StDev: 0.84">389</td>
<td class="status">2</td>
<td class="measure" title="Min: 2.12, Max: 2.20, Average: 2.16, Median: 2.16, StDev: 0.04">4.32</td>
<td class="measure" title="Min: 2.13, Max: 2.21, Average: 2.17, Median: 2.17, StDev: 0.04">4.34</td>
<td class="measure" title="Min: 130, Max: 134, Average: 131.93, Median: 132, StDev: 1.64">264</td>
<td class="status">2</td>
<td class="measure" title="Min: 1.81, Max: 1.82, Average: 1.81, Median: 1.81, StDev: 0.0">3.63</td>
<td class="measure" title="Min: 1.82, Max: 1.82, Average: 1.82, Median: 1.82, StDev: 0.0">3.64</td>
<td class="measure" title="Min: 131, Max: 131, Average: 130.89, Median: 131, StDev: 0.11">262</td>
</tr>
<tr class="statistics">
<td colspan="2" title="(property holds + result is true) OR (property does not hold + result is false)">&nbsp;&nbsp;&nbsp;&nbsp;correct results</td>
<td class="status">2</td>
<td class="measure" title="Min: 2.06, Max: 2.23, Average: 2.14, Median: 2.14, StDev: 0.09">4.29</td>
<td class="measure" title="Min: 2.07, Max: 2.24, Average: 2.15, Median: 2.15, StDev: 0.09">4.30</td>
<td class="measure" title="Min: 126, Max: 132, Average: 129.33, Median: 129, StDev: 3.01">259</td>
<td class="status">2</td>
<td class="measure" title="Min: 1.85, Max: 1.95, Average: 1.9, Median: 1.90, StDev: 0.05">3.80</td>
<td class="measure" title="Min: 1.86, Max: 1.96, Average: 1.91, Median: 1.91, StDev: 0.05">3.82</td>
<td class="measure" title="Min: 129, Max: 130, Average: 129.17, Median: 129, StDev: 0.63">258</td>
<td class="status">1</td>
<td class="measure" title="Min: 2.12, Max: 2.12, Average: 2.12, Median: 2.12, StDev: 0.0">2.12</td>
<td class="measure" title="Min: 2.13, Max: 2.13, Average: 2.13, Median: 2.13, StDev: 0.0">2.13</td>
<td class="measure" title="Min: 134, Max: 134, Average: 133.57, Median: 134, StDev: 0.0">134</td>
<td class="status">1</td>
<td class="measure" title="Min: 1.82, Max: 1.82, Average: 1.82, Median: 1.82, StDev: 0.0">1.82</td>
<td class="measure" title="Min: 1.82, Max: 1.82, Average: 1.82, Median: 1.82, StDev: 0.0">1.82</td>
<td class="measure" title="Min: 131, Max: 131, Average: 131.01, Median: 131, StDev: 0.0">131</td>
</tr>
<tr class="statistics">
<td colspan="2" title="property holds + result is true">&nbsp;&nbsp;&nbsp;&nbsp;&nbsp;&nbsp;&nbsp;&nbsp;correct true</td>
<td class="status">2</td>
<td class="measure" title="Min: 2.06, Max: 2.23, Average: 2.14, Median: 2.14, StDev: 0.09">4.29</td>
<td class="measure" title="Min: 2.07, Max: 2.24, Average: 2.15, Median: 2.15, StDev: 0.09">4.30</td>
<td class="measure" title="Min: 126, Max: 132, Average: 129.33, Median: 129, StDev: 3.01">259</td>
<td class="status">2</td>
<td class="measure" title="Min: 1.85, Max: 1.95, Average: 1.9, Median: 1.90, StDev: 0.05">3.80</td>
<td class="measure" title="Min: 1.86, Max: 1.96, Average: 1.91, Median: 1.91, StDev: 0.05">3.82</td>
<td class="measure" title="Min: 129, Max: 130, Average: 129.17, Median: 129, StDev: 0.63">258</td>
<td class="status">0</td>
<td class="measure novalue"></td>
<td class="measure novalue"></td>
<td class="measure novalue"></td>
<td class="status">0</td>
<td class="measure novalue"></td>
<td class="measure novalue"></td>
<td class="measure novalue"></td>
</tr>
<tr class="statistics">
<td colspan="2" title="property does not hold + result is false">&nbsp;&nbsp;&nbsp;&nbsp;&nbsp;&nbsp;&nbsp;&nbsp;correct false</td>
<td class="status">0</td>
<td class="measure novalue"></td>
<td class="measure novalue"></td>
<td class="measure novalue"></td>
<td class="status">0</td>
<td class="measure novalue"></td>
<td class="measure novalue"></td>
<td class="measure novalue"></td>
<td class="status">1</td>
<td class="measure" title="Min: 2.12, Max: 2.12, Average: 2.12, Median: 2.12, StDev: 0.0">2.12</td>
<td class="measure" title="Min: 2.13, Max: 2.13, Average: 2.13, Median: 2.13, StDev: 0.0">2.13</td>
<td class="measure" title="Min: 134, Max: 134, Average: 133.57, Median: 134, StDev: 0.0">134</td>
<td class="status">1</td>
<td class="measure" title="Min: 1.82, Max: 1.82, Average: 1.82, Median: 1.82, StDev: 0.0">1.82</td>
<td class="measure" title="Min: 1.82, Max: 1.82, Average: 1.82, Median: 1.82, StDev: 0.0">1.82</td>
<td class="measure" title="Min: 131, Max: 131, Average: 131.01, Median: 131, StDev: 0.0">131</td>
</tr>
<tr class="statistics">
<td colspan="2" title="(property holds + result is false) OR (property does not hold + result is true)">&nbsp;&nbsp;&nbsp;&nbsp;incorrect results</td>
<td class="status">1</td>
<td class="measure" title="Min: 2.17, Max: 2.17, Average: 2.17, Median: 2.17, StDev: 0.0">2.17</td>
<td class="measure" title="Min: 2.18, Max: 2.18, Average: 2.18, Median: 2.18, StDev: 0.0">2.18</td>
<td class="measure" title="Min: 128, Max: 128, Average: 128.03, Median: 128, StDev: 0.0">128</td>
<td class="status">1</td>
<td class="measure" title="Min: 1.86, Max: 1.86, Average: 1.86, Median: 1.86, StDev: 0.0">1.86</td>
<td class="measure" title="Min: 1.87, Max: 1.87, Average: 1.87, Median: 1.87, StDev: 0.0">1.87</td>
<td class="measure" title="Min: 131, Max: 131, Average: 130.57, Median: 131, StDev: 0.0">131</td>
<td class="status">0</td>
<td class="measure novalue"></td>
<td class="measure novalue"></td>
<td class="measure novalue"></td>
<td class="status">0</td>
<td class="measure novalue"></td>
<td class="measure novalue"></td>
<td class="measure novalue"></td>
</tr>
<tr class="statistics">
<td colspan="2" title="property does not hold + result is true">&nbsp;&nbsp;&nbsp;&nbsp;&nbsp;&nbsp;&nbsp;&nbsp;incorrect true</td>
<td class="status">1</td>
<td class="measure" title="Min: 2.17, Max: 2.17, Average: 2.17, Median: 2.17, StDev: 0.0">2.17</td>
<td class="measure" title="Min: 2.18, Max: 2.18, Average: 2.18, Median: 2.18, StDev: 0.0">2.18</td>
<td class="measure" title="Min: 128, Max: 128, Average: 128.03, Median: 128, StDev: 0.0">128</td>
<td class="status">1</td>
<td class="measure" title="Min: 1.86, Max: 1.86, Average: 1.86, Median: 1.86, StDev: 0.0">1.86</td>
<td class="measure" title="Min: 1.87, Max: 1.87, Average: 1.87, Median: 1.87, StDev: 0.0">1.87</td>
<td class="measure" title="Min: 131, Max: 131, Average: 130.57, Median: 131, StDev: 0.0">131</td>
<td class="status">0</td>
<td class="measure novalue"></td>
<td class="measure novalue"></td>
<td class="measure novalue"></td>
<td class="status">0</td>
<td class="measure novalue"></td>
<td class="measure novalue"></td>
<td class="measure novalue"></td>
</tr>
<tr class="statistics">
<td colspan="2" title="property holds + result is false">&nbsp;&nbsp;&nbsp;&nbsp;&nbsp;&nbsp;&nbsp;&nbsp;incorrect false</td>
<td class="status">0</td>
<td class="measure novalue"></td>
<td class="measure novalue"></td>
<td class="measure novalue"></td>
<td class="status">0</td>
<td class="measure novalue"></td>
<td class="measure novalue"></td>
<td class="measure novalue"></td>
<td class="status">0</td>
<td class="measure novalue"></td>
<td class="measure novalue"></td>
<td class="measure novalue"></td>
<td class="status">0</td>
<td class="measure novalue"></td>
<td class="measure novalue"></td>
<td class="measure novalue"></td>
</tr>
<tr class="statistics">
<td colspan="2" title="in total 2 true tasks, 1 false tasks">score (3 tasks, max score: 5)</td>
<td class="score status">-28</td>
<td class="score measure novalue"></td>
<td class="score measure novalue"></td>
<td class="score measure novalue"></td>
<td class="score status">-28</td>
<td class="score measure novalue"></td>
<td class="score measure novalue"></td>
<td class="score measure novalue"></td>
<td class="score status">1</td>
<td class="score measure novalue"></td>
<td class="score measure novalue"></td>
<td class="score measure novalue"></td>
<td class="score status">1</td>
<td class="score measure novalue"></td>
<td class="score measure novalue"></td>
<td class="score measure novalue"></td>
</tr>
<tr class="run">
<td colspan="2">Run set</td>
<td colspan="4">predicateAnalysis</td>
<td colspan="4">predicateAnalysis</td>
<td colspan="4">valueAnalysis</td>
<td colspan="4">valueAnalysis</td>
</tr>
</tfoot>
</table>