<table id="dataTable">
<thead>
  <tr id="tool" class="tool collapsable-header">
<td colspan="1">Tool</td>
<td colspan="5">CPAchecker 1.4-svn 15944M</td>
</tr>
  <tr id="limits" class="limits collapsable-header">
<td colspan="1">Limits</td>
<td colspan="5">timelimit: 10 s, memlimit: 3000 MB, CPU core limit: 1</td>
</tr>
  <tr id="host" class="host collapsable-header">
<td colspan="1">Host</td>
<td colspan="5">tortuga</td>
</tr>
  <tr id="os" class="os collapsable-header">
<td colspan="1">OS</td>
<td colspan="5">Linux 3.13.0-45-generic x86_64</td>
</tr>
  <tr id="system" class="system collapsable-header">
<td colspan="1">System</td>
<td colspan="5">CPU: Intel Core i7-2600 CPU @ 3.40GHz, cores: 8, frequency: 3401 MHz; RAM: 16389384 kB</td>
</tr>
  <tr id="date" class="date collapsable-header">
<td colspan="1">Date of execution</td>
<td colspan="5">2015-03-03 16:13:02 CET</td>
</tr>
  <tr id="run" class="run ">
<td colspan="1">Run set</td>
<td colspan="5">predicateAnalysis.0</td>
</tr>
  <tr id="options" class="options collapsable-header">
<td colspan="1">Options</td>
<td colspan="5"><span style="display:block">-noout</span><span style="display:block"> -setprop log.consoleLevel=WARNING</span><span style="display:block"> -predicateAnalysis</span></td>
</tr>
  <tr id="columnTitles" class="columnTitles ">
<td colspan="1">benchexec/tablegenerator/test_integration/results/test/programs/simple/</td>
<td colspan="1">status</td>
<td colspan="1">cputime (s)</td>
<td colspan="1">walltime (s)</td>
<td colspan="1">memory (MB)</td>
<td colspan="1">score</td>
</tr>
</thead>

<tbody>
<tr><td title="Click here to show source code"><a href="../results/test/programs/simple/bitvectors/implicitunsignedconversion_false-unreach-label.i">bitvectors/implicitunsignedconversion_false-unreach-label.i</a></td>
<td class="wrong status link" title="Click here to show output of tool"><a href="../results/test.2015-03-03_1613.logfiles/predicateAnalysis.implicitunsignedconversion_false-unreach-label.i.log">true</a></td>
<td class="wrong measure">2.17</td>
<td class="wrong measure">2.18</td>
<td class="wrong measure">128</td>
<td class="wrong measure">0&#x2008;&#x2007;&#x2007;</td>
</tr>
<tr><td title="Click here to show source code"><a href="../results/test/programs/simple/switch_test_default_fallthrough_false-unreach-label.c">switch_test_default_fallthrough_false-unreach-label.c</a></td>
<td class="correct status link" title="Click here to show output of tool"><a href="../results/test.2015-03-03_1613.logfiles/predicateAnalysis.switch_test_default_fallthrough_false-unreach-label.c.log">false(reach)</a></td>
<td class="correct measure">2.19</td>
<td class="correct measure">2.20</td>
<td class="correct measure">129</td>
<td class="correct measure">10&#x2008;&#x2007;&#x2007;</td>
</tr>
<tr><td title="Click here to show source code"><a href="../results/test/programs/simple/compoundLiteral_true-unreach-label.c">compoundLiteral_true-unreach-label.c</a></td>
<td class="correct status link" title="Click here to show output of tool"><a href="../results/test.2015-03-03_1613.logfiles/predicateAnalysis.compoundLiteral_true-unreach-label.c.log">true</a></td>
<td class="correct measure">2.23</td>
<td class="correct measure">2.24</td>
<td class="correct measure">132</td>
<td class="correct measure">-2.5&#x2007;</td>
</tr>
</tbody>

<tfoot>
<tr class="columnTitles">
<td colspan="1">benchexec/tablegenerator/test_integration/results/test/programs/simple/</td>
<td colspan="1">status</td>
<td colspan="1">cputime (s)</td>
<td colspan="1">walltime (s)</td>
<td colspan="1">memory (MB)</td>
<td colspan="1">score</td>
</tr>
<tr class="statistics">
<td colspan="1" title="in total 1 true tasks, 2 false tasks">total</td>
<td class="status">3</td>
<td class="measure" title="Min: 2.17, Max: 2.23, Average: 2.2, Median: 2.19, StDev: 0.03">6.59</td>
<td class="measure" title="Min: 2.18, Max: 2.24, Average: 2.2, Median: 2.20, StDev: 0.02">6.61</td>
<td class="measure" title="Min: 128, Max: 132, Average: 129.83, Median: 129, StDev: 1.83">389</td>
<td class="measure" title="Min: -2.5, Max: 10, Average: 2.5, Median: 0, StDev: 5.4">7.5&#x2007;</td>
</tr>
<tr class="statistics">
<td colspan="1" title="(property holds + result is true) OR (property does not hold + result is false)">&nbsp;&nbsp;&nbsp;&nbsp;correct results</td>
<td class="status">2</td>
<td class="measure" title="Min: 2.19, Max: 2.23, Average: 2.21, Median: 2.21, StDev: 0.02">4.42</td>
<td class="measure" title="Min: 2.20, Max: 2.24, Average: 2.22, Median: 2.22, StDev: 0.02">4.43</td>
<td class="measure" title="Min: 129, Max: 132, Average: 130.73, Median: 131, StDev: 1.61">261</td>
<td class="measure" title="Min: -2.5, Max: 10, Average: 3.75, Median: 3.75, StDev: 6.25">7.5&#x2007;</td>
</tr>
<tr class="statistics">
<td colspan="1" title="property holds + result is true">&nbsp;&nbsp;&nbsp;&nbsp;&nbsp;&nbsp;&nbsp;&nbsp;correct true</td>
<td class="status">1</td>
<td class="measure" title="Min: 2.23, Max: 2.23, Average: 2.23, Median: 2.23, StDev: 0.0">2.23</td>
<td class="measure" title="Min: 2.24, Max: 2.24, Average: 2.24, Median: 2.24, StDev: 0.0">2.24</td>
<td class="measure" title="Min: 132, Max: 132, Average: 132.34, Median: 132, StDev: 0.0">132</td>
<td class="measure" title="Min: -2.5, Max: -2.5, Average: -2.5, Median: -2.5, StDev: 0.0">-2.5&#x2007;</td>
</tr>
<tr class="statistics">
<td colspan="1" title="property does not hold + result is false">&nbsp;&nbsp;&nbsp;&nbsp;&nbsp;&nbsp;&nbsp;&nbsp;correct false</td>
<td class="status">1</td>
<td class="measure" title="Min: 2.19, Max: 2.19, Average: 2.19, Median: 2.19, StDev: 0.0">2.19</td>
<td class="measure" title="Min: 2.20, Max: 2.20, Average: 2.2, Median: 2.20, StDev: 0.0">2.20</td>
<td class="measure" title="Min: 129, Max: 129, Average: 129.12, Median: 129, StDev: 0.0">129</td>
<td class="measure" title="Min: 10, Max: 10, Average: 10.0, Median: 10, StDev: 0.0">10&#x2008;&#x2007;&#x2007;</td>
</tr>
<tr class="statistics">
<td colspan="1" title="(property holds + result is false) OR (property does not hold + result is true)">&nbsp;&nbsp;&nbsp;&nbsp;incorrect results</td>
<td class="status">1</td>
<td class="measure" title="Min: 2.17, Max: 2.17, Average: 2.17, Median: 2.17, StDev: 0.0">2.17</td>
<td class="measure" title="Min: 2.18, Max: 2.18, Average: 2.18, Median: 2.18, StDev: 0.0">2.18</td>
<td class="measure" title="Min: 128, Max: 128, Average: 128.03, Median: 128, StDev: 0.0">128</td>
<td class="measure">0&#x2008;&#x2007;&#x2007;</td>
</tr>
<tr class="statistics">
<td colspan="1" title="property does not hold + result is true">&nbsp;&nbsp;&nbsp;&nbsp;&nbsp;&nbsp;&nbsp;&nbsp;incorrect true</td>
<td class="status">1</td>
<td class="measure" title="Min: 2.17, Max: 2.17, Average: 2.17, Median: 2.17, StDev: 0.0">2.17</td>
<td class="measure" title="Min: 2.18, Max: 2.18, Average: 2.18, Median: 2.18, StDev: 0.0">2.18</td>
<td class="measure" title="Min: 128, Max: 128, Average: 128.03, Median: 128, StDev: 0.0">128</td>
<td class="measure">0&#x2008;&#x2007;&#x2007;</td>
</tr>
<tr class="statistics">
<td colspan="1" title="property holds + result is false">&nbsp;&nbsp;&nbsp;&nbsp;&nbsp;&nbsp;&nbsp;&nbsp;incorrect false</td>
<td class="status">0</td>
<td class="measure novalue"></td>
<td class="measure novalue"></td>
<td class="measure novalue"></td>
<td class="measure novalue"></td>
</tr>
<tr class="statistics">
<td colspan="1" title="in total 1 true tasks, 2 false tasks">score (3 tasks, max score: 4)</td>
<td class="score status">-29</td>
<td class="score measure novalue"></td>
<td class="score measure novalue"></td>
<td class="score measure novalue"></td>
<td class="score measure novalue"></td>
</tr>
<tr class="run">
<td colspan="1">Run set</td>
<td colspan="5">predicateAnalysis.0</td>
</tr>
</tfoot>
</table>