<table id="dataTable">
<thead>
  <tr id="tool" class="tool collapsable-header">
<td colspan="3">Tool</td>
<td colspan="8">CPAchecker [1.4-svn 15944M; 1.4-svn 15986M]</td>
</tr>
  <tr id="limits" class="limits collapsable-header">
<td colspan="3">Limits</td>
<td colspan="8">timelimit: 10 s, memlimit: 3000 MB, CPU core limit: 1</td>
</tr>
  <tr id="host" class="host collapsable-header">
<td colspan="3">Host</td>
<td colspan="8">tortuga</td>
</tr>
  <tr id="os" class="os collapsable-header">
<td colspan="3">OS</td>
<td colspan="8">Linux 3.13.0-45-generic x86_64</td>
</tr>
  <tr id="system" class="system collapsable-header">
<td colspan="3">System</td>
<td colspan="8">CPU: Intel Core i7-2600 CPU @ 3.40GHz, cores: 8, frequency: 3401 MHz; RAM: 16389384 kB</td>
</tr>
  <tr id="date" class="date collapsable-header">
<td colspan="3">Date of execution</td>
<td colspan="8">[2015-03-03 16:13:02 CET; 2015-03-03 18:15:20 CET]</td>
</tr>
  <tr id="run" class="run ">
<td colspan="3">Run set</td>
<td colspan="4">predicateAnalysis</td>
<td colspan="4">valueAnalysis</td>
</tr>
  <tr id="options" class="options collapsable-header">
<td colspan="3">Options</td>
<td colspan="4"><span style="display:block">-noout</span><span style="display:block"> -setprop log.consoleLevel=WARNING</span><span style="display:block"> -predicateAnalysis</span></td>
<td colspan="4"><span style="display:block">-noout</span><span style="display:block"> -setprop log.consoleLevel=WARNING</span><span style="display:block"> -valueAnalysis</span></td>
</tr>
  <tr id="columnTitles" class="columnTitles ">
<td colspan="3">benchexec/tablegenerator/test_integration/results/</td>
<td colspan="1">status</td>
<td colspan="1">cputime (s)</td>
<td colspan="1">walltime (s)</td>
<td colspan="1">memory (MB)</td>
<td colspan="1">status</td>
<td colspan="1">cputime (s)</td>
<td colspan="1">walltime (s)</td>
<td colspan="1">memory (MB)</td>
</tr>
</thead>

<tbody>
<tr><td title="Click here to show source code"><a href="../results/test/programs/simple/bitvectors/implicitunsignedconversion_false-unreach-label.i">test/programs/simple/bitvectors/implicitunsignedconversion_false-unreach-label.i</a></td>
<td>unreach-label</td>
<td>2015-03-03_1613</td>
<td class="wrong status link" title="Click here to show output of tool"><a href="../results/test.2015-03-03_1613.logfiles/predicateAnalysis.implicitunsignedconversion_false-unreach-label.i.log">true</a></td>
<td class="wrong measure">2.17</td>
<td class="wrong measure">2.18</td>
<td class="wrong measure">128</td>
<td class="correct status link" title="Click here to show output of tool"><a href="../results/test.2015-03-03_1613.logfiles/valueAnalysis.implicitunsignedconversion_false-unreach-label.i.log">false(reach)</a></td>
<td class="correct measure">2.12</td>
<td class="correct measure">2.13</td>
<td class="correct measure">134</td>
</tr>
<tr><td title="Click here to show source code"><a href="../results/test/programs/simple/compoundLiteral_true-unreach-label.c">test/programs/simple/compoundLiteral_true-unreach-label.c</a></td>
<td>unreach-label</td>
<td>2015-03-03_1613</td>
<td class="correct status link" title="Click here to show output of tool"><a href="../results/test.2015-03-03_1613.logfiles/predicateAnalysis.compoundLiteral_true-unreach-label.c.log">true</a></td>
<td class="correct measure">2.23</td>
<td class="correct measure">2.24</td>
<td class="correct measure">132</td>
<td class="unknown status link" title="Click here to show output of tool"><a href="../results/test.2015-03-03_1613.logfiles/valueAnalysis.compoundLiteral_true-unreach-label.c.log">unknown</a></td>
<td class="unknown measure">2.20</td>
<td class="unknown measure">2.21</td>
<td class="unknown measure">130</td>
</tr>
<tr><td title="Click here to show source code"><a href="../results/test/programs/simple/builtin_expect_true-unreach-label.c">test/programs/simple/builtin_expect_true-unreach-label.c</a></td>
<td>unreach-label</td>
<td>2015-03-03_1613</td>
<td class="correct status link" title="Click here to show output of tool"><a href="../results/test.2015-03-03_1613.logfiles/predicateAnalysis.builtin_expect_true-unreach-label.c.log">true</a></td>
<td class="correct measure">2.06</td>
<td class="correct measure">2.07</td>
<td class="correct measure">126</td>
<td class="missing status">-</td>
<td class="missing measure novalue"></td>
<td class="missing measure novalue"></td>
<td class="missing measure novalue"></td>
</tr>
<tr><td title="Click here to show source code"><a href="../results/test/programs/simple/bitvectors/implicitunsignedconversion_false-unreach-label.i">test/programs/simple/bitvectors/implicitunsignedconversion_false-unreach-label.i</a></td>
<td>unreach-label</td>
<td>2015-03-03_1815</td>
<td class="wrong status link" title="Click here to show output of tool"><a href="../results/test.2015-03-03_1815.logfiles/predicateAnalysis.implicitunsignedconversion_false-unreach-label.i.log">true</a></td>
<td class="wrong measure">1.86</td>
<td class="wrong measure">1.87</td>
<td class="wrong measure">131</td>
<td class="correct status link" title="Click here to show output of tool"><a href="../results/test.2015-03-03_1815.logfiles/valueAnalysis.implicitunsignedconversion_false-unreach-label.i.log">false(reach)</a></td>
<td class="correct measure">1.82</td>
<td class="correct measure">1.82</td>
<td class="correct measure">131</td>
</tr>
<tr><td title="Click here to show source code"><a href="../results/test/programs/simple/compoundLiteral_true-unreach-label.c">test/programs/simple/compoundLiteral_true-unreach-label.c</a></td>
<td>unreach-label</td>
<td>2015-03-03_1815</td>
<td class="correct status link" title="Click here to show output of tool"><a href="../results/test.2015-03-03_1815.logfiles/predicateAnalysis.compoundLiteral_true-unreach-label.c.log">true</a></td>
<td class="correct measure">1.95</td>
<td class="correct measure">1.96</td>
<td class="correct measure">130</td>
<td class="unknown status link" title="Click here to show output of tool"><a href="../results/test.2015-03-03_1815.logfiles/valueAnalysis.compoundLiteral_true-unreach-label.c.log">unknown</a></td>
<td class="unknown measure">1.81</td>
<td class="unknown measure">1.82</td>
<td class="unknown measure">131</td>
</tr>
<tr><td title="Click here to show source code"><a href="../results/test/programs/simple/builtin_expect_true-unreach-label.c">test/programs/simple/builtin_expect_true-unreach-label.c</a></td>
<td>unreach-label</td>
<td>2015-03-03_1815</td>
<td class="correct status link" title="Click here to show output of tool"><a href="../results/test.2015-03-03_1815.logfiles/predicateAnalysis.builtin_expect_true-unreach-label.c.log">true</a></td>
<td class="correct measure">1.85</td>
<td class="correct measure">1.86</td>
<td class="correct measure">129</td>
<td class="missing status">-</td>
<td class="missing measure novalue"></td>
<td class="missing measure novalue"></td>
<td class="missing measure novalue"></td>
</tr>
</tbody>

<tfoot>
<tr class="columnTitles">
<td colspan="3">benchexec/tablegenerator/test_integration/results/</td>
<td colspan="1">status</td>
<td colspan="1">cputime (s)</td>
<td colspan="1">walltime (s)</td>
<td colspan="1">memory (MB)</td>
<td colspan="1">status</td>
<td colspan="1">cputime (s)</td>
<td colspan="1">walltime (s)</td>
<td colspan="1">memory (MB)</td>
</tr>
<tr class="statistics">
<td colspan="3" title="in total 4 true tasks, 2 false tasks">total</td>
<td class="status">6</td>
<td class="measure" title="Min: 1.85, Max: 2.23, Average: 2.02, Median: 2.00, StDev: 0.15">12.1&#x2007;</td>
<td class="measure" title="Min: 1.86, Max: 2.24, Average: 2.03, Median: 2.01, StDev: 0.15">12.2&#x2007;</td>
<td class="measure" title="Min: 126, Max: 132, Average: 129.27, Median: 129, StDev: 1.92">776</td>
<td class="status">4</td>
<td class="measure" title="Min: 1.81, Max: 2.20, Average: 1.99, Median: 1.97, StDev: 0.18">7.95</td>
<td class="measure" title="Min: 1.82, Max: 2.21, Average: 2.0, Median: 1.98, StDev: 0.18">7.98</td>
<td class="measure" title="Min: 130, Max: 134, Average: 131.41, Median: 131, StDev: 1.27">526</td>
</tr>
<tr class="statistics">
<td colspan="3" title="(property holds + result is true) OR (property does not hold + result is false)">&nbsp;&nbsp;&nbsp;&nbsp;correct results</td>
<td class="status">4</td>
<td class="measure" title="Min: 1.85, Max: 2.23, Average: 2.02, Median: 2.00, StDev: 0.14">8.09</td>
<td class="measure" title="Min: 1.86, Max: 2.24, Average: 2.03, Median: 2.01, StDev: 0.14">8.12</td>
<td class="measure" title="Min: 126, Max: 132, Average: 129.25, Median: 129, StDev: 2.18">517</td>
<td class="status">2</td>
<td class="measure" title="Min: 1.82, Max: 2.12, Average: 1.97, Median: 1.97, StDev: 0.15">3.93</td>
<td class="measure" title="Min: 1.82, Max: 2.13, Average: 1.98, Median: 1.98, StDev: 0.15">3.95</td>
<td class="measure" title="Min: 131, Max: 134, Average: 132.29, Median: 132, StDev: 1.28">265</td>
</tr>
<tr class="statistics">
<td colspan="3" title="property holds + result is true">&nbsp;&nbsp;&nbsp;&nbsp;&nbsp;&nbsp;&nbsp;&nbsp;correct true</td>
<td class="status">4</td>
<td class="measure" title="Min: 1.85, Max: 2.23, Average: 2.02, Median: 2.00, StDev: 0.14">8.09</td>
<td class="measure" title="Min: 1.86, Max: 2.24, Average: 2.03, Median: 2.01, StDev: 0.14">8.12</td>
<td class="measure" title="Min: 126, Max: 132, Average: 129.25, Median: 129, StDev: 2.18">517</td>
<td class="status">0</td>
<td class="measure novalue"></td>
<td class="measure novalue"></td>
<td class="measure novalue"></td>
</tr>
<tr class="statistics">
<td colspan="3" title="property does not hold + result is false">&nbsp;&nbsp;&nbsp;&nbsp;&nbsp;&nbsp;&nbsp;&nbsp;correct false</td>
<td class="status">0</td>
<td class="measure novalue"></td>
<td class="measure novalue"></td>
<td class="measure novalue"></td>
<td class="status">2</td>
<td class="measure" title="Min: 1.82, Max: 2.12, Average: 1.97, Median: 1.97, StDev: 0.15">3.93</td>
<td class="measure" title="Min: 1.82, Max: 2.13, Average: 1.98, Median: 1.98, StDev: 0.15">3.95</td>
<td class="measure" title="Min: 131, Max: 134, Average: 132.29, Median: 132, StDev: 1.28">265</td>
</tr>
<tr class="statistics">
<td colspan="3" title="(property holds + result is false) OR (property does not hold + result is true)">&nbsp;&nbsp;&nbsp;&nbsp;incorrect results</td>
<td class="status">2</td>
<td class="measure" title="Min: 1.86, Max: 2.17, Average: 2.01, Median: 2.01, StDev: 0.16">4.03</td>
<td class="measure" title="Min: 1.87, Max: 2.18, Average: 2.02, Median: 2.02, StDev: 0.16">4.04</td>
<td class="measure" title="Min: 128, Max: 131, Average: 129.3, Median: 129, StDev: 1.27">259</td>
<td class="status">0</td>
<td class="measure novalue"></td>
<td class="measure novalue"></td>
<td class="measure novalue"></td>
</tr>
<tr class="statistics">
<td colspan="3" title="property does not hold + result is true">&nbsp;&nbsp;&nbsp;&nbsp;&nbsp;&nbsp;&nbsp;&nbsp;incorrect true</td>
<td class="status">2</td>
<td class="measure" title="Min: 1.86, Max: 2.17, Average: 2.01, Median: 2.01, StDev: 0.16">4.03</td>
<td class="measure" title="Min: 1.87, Max: 2.18, Average: 2.02, Median: 2.02, StDev: 0.16">4.04</td>
<td class="measure" title="Min: 128, Max: 131, Average: 129.3, Median: 129, StDev: 1.27">259</td>
<td class="status">0</td>
<td class="measure novalue"></td>
<td class="measure novalue"></td>
<td class="measure novalue"></td>
</tr>
<tr class="statistics">
<td colspan="3" title="property holds + result is false">&nbsp;&nbsp;&nbsp;&nbsp;&nbsp;&nbsp;&nbsp;&nbsp;incorrect false</td>
<td class="status">0</td>
<td class="measure novalue"></td>
<td class="measure novalue"></td>
<td class="measure novalue"></td>
<td class="status">0</td>
<td class="measure novalue"></td>
<td class="measure novalue"></td>
<td class="measure novalue"></td>
</tr>
<tr class="statistics">
<td colspan="3" title="in total 4 true tasks, 2 false tasks">score (6 tasks, max score: 10)</td>
<td class="score status">-56</td>
<td class="score measure novalue"></td>
<td class="score measure novalue"></td>
<td class="score measure novalue"></td>
<td class="score status">2</td>
<td class="score measure novalue"></td>
<td class="score measure novalue"></td>
<td class="score measure novalue"></td>
</tr>
<tr class="run">
<td colspan="3">Run set</td>
<td colspan="4">predicateAnalysis</td>
<td colspan="4">valueAnalysis</td>
</tr>
</tfoot>
</table>